[ax] 남은 캡처 1063 (k=1)
  [ax] 100/1063 (1.7s/콜, 남은 ~28분)
  [ax] 200/1063 (1.7s/콜, 남은 ~25분)
  [ax] 300/1063 (1.7s/콜, 남은 ~22분)
  [ax] 400/1063 (1.8s/콜, 남은 ~19분)
  [ax] 500/1063 (1.8s/콜, 남은 ~16분)
  [ax] 600/1063 (1.8s/콜, 남은 ~14분)
  [ax] 700/1063 (1.8s/콜, 남은 ~11분)
  [ax] 800/1063 (1.8s/콜, 남은 ~8분)
  [ax] 900/1063 (1.8s/콜, 남은 ~5분)
  [ax] 1000/1063 (1.9s/콜, 남은 ~2분)
[ax] 완료 (34.1분)
[exaone] 남은 캡처 1063 (k=1)
  [exaone] 100/1063 (1.2s/콜, 남은 ~19분)
  [exaone] 200/1063 (1.3s/콜, 남은 ~18분)
  [exaone] 300/1063 (1.3s/콜, 남은 ~16분)
  [exaone] 400/1063 (1.3s/콜, 남은 ~14분)
  [exaone] 500/1063 (1.3s/콜, 남은 ~12분)
  [exaone] 600/1063 (1.3s/콜, 남은 ~10분)
  [exaone] 700/1063 (1.3s/콜, 남은 ~8분)
  [exaone] 800/1063 (1.3s/콜, 남은 ~6분)
  [exaone] 900/1063 (1.3s/콜, 남은 ~4분)
  [exaone] 1000/1063 (1.4s/콜, 남은 ~1분)
[exaone] 완료 (25.1분)
[요약] solar t0 단독 55.5% (n=683)
[요약] ax t0 단독 48.7% (n=1063)
[요약] exaone t0 단독 57.9% (n=1063)
