[ax] 남은 캡처 1438 (k=1)
  [ax] 100/1438 (1.9s/콜, 남은 ~43분)
  [ax] 200/1438 (1.8s/콜, 남은 ~38분)
  [ax] 300/1438 (1.8s/콜, 남은 ~34분)
  [ax] 400/1438 (1.8s/콜, 남은 ~32분)
  [ax] 500/1438 (1.8s/콜, 남은 ~28분)
  [ax] 600/1438 (1.8s/콜, 남은 ~25분)
  [ax] 700/1438 (1.8s/콜, 남은 ~22분)
  [ax] 800/1438 (1.8s/콜, 남은 ~19분)
  [ax] 900/1438 (1.8s/콜, 남은 ~16분)
  [ax] 1000/1438 (1.8s/콜, 남은 ~13분)
  [ax] 1100/1438 (1.8s/콜, 남은 ~10분)
  [ax] 1200/1438 (1.8s/콜, 남은 ~7분)
  [ax] 1300/1438 (1.8s/콜, 남은 ~4분)
  [ax] 1400/1438 (1.8s/콜, 남은 ~1분)
[ax] 완료 (43.0분)
[exaone] 남은 캡처 1438 (k=1)
  [exaone] 100/1438 (1.0s/콜, 남은 ~22분)
  [exaone] 200/1438 (1.0s/콜, 남은 ~20분)
  [exaone] 300/1438 (1.0s/콜, 남은 ~19분)
  [exaone] 400/1438 (1.0s/콜, 남은 ~17분)
  [exaone] 500/1438 (1.0s/콜, 남은 ~16분)
  [exaone] 600/1438 (1.0s/콜, 남은 ~14분)
  [exaone] 700/1438 (1.0s/콜, 남은 ~12분)
  [exaone] 800/1438 (1.0s/콜, 남은 ~11분)
  [exaone] 900/1438 (1.0s/콜, 남은 ~9분)
  [exaone] 1000/1438 (1.0s/콜, 남은 ~7분)
  [exaone] 1100/1438 (1.0s/콜, 남은 ~6분)
  [exaone] 1200/1438 (1.0s/콜, 남은 ~4분)
  [exaone] 1300/1438 (1.0s/콜, 남은 ~2분)
  [exaone] 1400/1438 (1.0s/콜, 남은 ~1분)
[exaone] 완료 (24.5분)
[요약] solar t0 단독 74.8% (n=992)
[요약] ax t0 단독 58.3% (n=1438)
[요약] exaone t0 단독 64.3% (n=1438)
