[capture] 표본 150 / 완료 0 / 남음 150 · k=5 temp=0.7
  10/150 (5.2s/문항, 남은 ~12분)
  20/150 (5.5s/문항, 남은 ~12분)
  30/150 (5.3s/문항, 남은 ~11분)
  40/150 (6.2s/문항, 남은 ~11분)
  50/150 (5.9s/문항, 남은 ~10분)
  60/150 (5.8s/문항, 남은 ~9분)
  70/150 (5.6s/문항, 남은 ~8분)
  80/150 (5.5s/문항, 남은 ~6분)
  90/150 (5.5s/문항, 남은 ~5분)
  100/150 (5.4s/문항, 남은 ~4분)
  110/150 (5.4s/문항, 남은 ~4분)
  120/150 (5.4s/문항, 남은 ~3분)
  130/150 (5.3s/문항, 남은 ~2분)
  140/150 (6.0s/문항, 남은 ~1분)
  150/150 (6.5s/문항, 남은 ~0분)
[capture] 완료 → <repo>/.worktrees/fugu-ko-selector-v2/experiments/fugu-ko/train/data/sc_pilot_solar.jsonl (16.2분)

══ D7 파일럿 분석 (학습셋 표본 n=150) ══

[1] 비결정성: k샘플 결과가 갈리는 문항 46/150 (31%)  (t0 자체 흔들림 0)

[2] 정답률: 단일(t0, 현행) 69.3%  →  자기일관성 다수결 78.0%  (+8.7p)

[3] SQL모양 신호 '총계질문 + GROUP BY': 발동 19, 그중 오답 11 → 정밀도 58% · 전체오답 중 재현율 24%
[4] null 신호(에러/빈/0): 발동 37, 그중 오답 37 → 정밀도 100%
[5] 두 신호 합집합: 발동 47, 오답 39 → 정밀도 83% · 전체오답 46건 중 39건 탐지(85%)

  (미탐 오답 7건 = 학습 검증기가 노릴 잔여분)
